// Jest Snapshot v1, https://goo.gl/fbAQLP

exports[`TimelineInformation should match snapshot diff 1`] = `
"Snapshot Diff:
- First value
+ Second value

@@ -10,11 +10,14 @@
          \\"flexDirection\\": \\"row\\",
          \\"height\\": 22,
          \\"paddingHorizontal\\": 7,
          \\"paddingVertical\\": 2,
        },
-       undefined,
+       Object {
+         \\"backgroundColor\\": \\"teal\\",
+         \\"borderColor\\": \\"blue\\",
+       },
      ]
    }
  >
    <Text
      style={
@@ -27,11 +30,11 @@
            \\"height\\": 16,
            \\"lineHeight\\": 16,
            \\"width\\": 16,
          },
          Object {
-           \\"color\\": \\"#171b1e\\",
+           \\"color\\": \\"orange\\",
          },
          undefined,
        ]
      }
    >
@@ -59,11 +62,11 @@
            },
            Object {
              \\"fontSize\\": 14,
            },
            Object {
-             \\"color\\": \\"#46515e\\",
+             \\"color\\": \\"#46B655\\",
            },
            Object {
              \\"textAlign\\": \\"left\\",
            },
            undefined,"
`;
